// Vitest Snapshot v1, https://vitest.dev/guide/snapshot.html

exports[`every shipped example > a-glockenspiel.json renders cleanly at the loudness target (or says why not) 1`] = `"8477fa1c4c11ff03efd090310c65f46a6b5d0fc06891c6f43bfc0d6f7aae3e39"`;

exports[`every shipped example > a-marimba-glocken-claps.json renders cleanly at the loudness target (or says why not) 1`] = `"769c0d905a26d91d3a1eb13b0bd57c8a3cdba1d31e8b92ea385000fa7fbc12d8"`;

exports[`every shipped example > a-musicbox.json renders cleanly at the loudness target (or says why not) 1`] = `"bfdcce71b41bbb40b3e73c299e5e716b9b7f7a18213e3b80832f3618f91f74a6"`;

exports[`every shipped example > a-organ.json renders cleanly at the loudness target (or says why not) 1`] = `"90b667b19bc62d40427688dcaac9682f2e759e2eca5d22fcffc596cb9799e612"`;

exports[`every shipped example > a-piano.json renders cleanly at the loudness target (or says why not) 1`] = `"f2aa059910dbba1bf780a4209a14f1f642bb0fe704e388b7aa53e8ba8b1c1563"`;

exports[`every shipped example > a-piccolo.json renders cleanly at the loudness target (or says why not) 1`] = `"9f9539f3c03b4e90446d4148d2aefcb57e65903a7d4487ae5ecf35d45c6ae682"`;

exports[`every shipped example > a-trumpet.json renders cleanly at the loudness target (or says why not) 1`] = `"f6a59d3a8447d4145e4a2684d6d47c4da0783d144750cecbdc14879fe2077cdd"`;

exports[`every shipped example > a-ukulele.json renders cleanly at the loudness target (or says why not) 1`] = `"ac469cb447a0b56605977003b67374cf663099149fa339a3bc751de12f531a5b"`;

exports[`every shipped example > a-vibraphone.json renders cleanly at the loudness target (or says why not) 1`] = `"5a74b653892d08d3f0f3965320d05eaf8efb63642cc5063ddfb9b93c027cbfd2"`;

exports[`every shipped example > a-xylophone.json renders cleanly at the loudness target (or says why not) 1`] = `"4ed1361df25acb2bde0929b84d78bef7feb2d7c32754740be9188edf130b85c0"`;

exports[`every shipped example > clock-to-chime.json renders cleanly at the loudness target (or says why not) 1`] = `"c0584241f2d9204eec536d4da51ef4cd7dfe728ee9835576e596a47fe1c86c12"`;

exports[`every shipped example > hatena-marumo-a.json renders cleanly at the loudness target (or says why not) 1`] = `"c8affcc9071f9b2e70309dc85b39435bd12d20192e077788b090491d88284bcf"`;

exports[`every shipped example > hatena-marumo-b.json renders cleanly at the loudness target (or says why not) 1`] = `"86e98efc9e5e5b855f92ce2377d77b4d87dcb2928e8555ede9a4edcbffdd8adc"`;

exports[`every shipped example > hatena-marumo-c.json renders cleanly at the loudness target (or says why not) 1`] = `"f9f57e199df98bb09fa57c3fd229397677a7a935c9096992ed0144beefc48eee"`;

exports[`every shipped example > laser-zaps.json renders cleanly at the loudness target (or says why not) 1`] = `"cb143ed200f8f7a89efe5c5980ea52d42a897a6d0e2ddacfe375d7ad6606bc03"`;

exports[`every shipped example > lyrics-hatena.json renders cleanly at the loudness target (or says why not) 1`] = `"e9b5fd01720ea59d6efb6865d8dc1546811bfd2b30a2f1ac30494308f26e310b"`;

exports[`every shipped example > piano-ukulele-claps.json renders cleanly at the loudness target (or says why not) 1`] = `"9728dc6ab9793c3fb82c2630bd040c468ae24fea67b8d91aa4bb35629a8e2408"`;

exports[`every shipped example > riser-reveal.json renders cleanly at the loudness target (or says why not) 1`] = `"5d96c97a933ed5e30b8e54ce6569bf566aaa6823cc06df5b236ea2c27b3de414"`;

exports[`every shipped example > tap-dance.json renders cleanly at the loudness target (or says why not) 1`] = `"05e28155bc5966e705bf8076249cb86b4a4b04539d81c0d773a68dbbb1751205"`;

exports[`every shipped example > ukulele-island-strum.json renders cleanly at the loudness target (or says why not) 1`] = `"250402f6998756bcc477e331a96b6badff9a0a927c164894c4a2afa4780f22aa"`;

exports[`every shipped example > walk-in.json renders cleanly at the loudness target (or says why not) 1`] = `"1f98961a7082dbd55605cf3210614004a8a80b22faff7c4cc3c352129b086f01"`;

exports[`every shipped example > whoosh-transition.json renders cleanly at the loudness target (or says why not) 1`] = `"ad2969f43c16e7bbdb67b67c6fc08eef4e17d06966d20c166f123471ac6aa0f2"`;
